--overlay-src
/store/unpacked/sha256-abc/rootfs
--tmp-overlay
/
--unshare-user
--unshare-pid
--unshare-ipc
--unshare-uts
--unshare-cgroup
--uid
1000
--gid
1000
--cap-drop
ALL
--die-with-parent
--clearenv
--proc
/proc
--dev
/dev
--ro-bind
/sys
/sys
--tmpfs
/tmp
--cap-add
CAP_NET_ADMIN
--unshare-net
--hostname
kali-vpn-pentest
--chdir
/home/kali
--new-session
--dev-bind
/dev/dri
/dev/dri
--dev-bind
/dev/dri/renderD128
/dev/dri/renderD128
--dev-bind
/dev/kfd
/dev/kfd
--dev-bind
/dev/kvm
/dev/kvm
--dev-bind
/dev/snd
/dev/snd
--dev-bind
/dev/video0
/dev/video0
--dev-bind
/dev/video1
/dev/video1
--dev-bind
/dev/bus/usb/001/004
/dev/bus/usb/001/004
--dev-bind
/dev/hidraw9
/dev/hidraw9
--ro-bind
/etc/localtime
/etc/localtime
--ro-bind
/usr/share/zoneinfo/Europe/London
/usr/share/zoneinfo/Europe/London
--bind
/run/user/1000/qubesome/pentest/shm/kali-vpn
/dev/shm
--bind
/run/user/1000/qubesome/pentest/user
/run/user/1000
--ro-bind
/run/user/1000/qubesome/pentest/machine-id
/etc/machine-id
--bind
/run/user/1000/pipewire-0
/run/user/1000/pipewire-0
--ro-bind
/run/user/1000/qubesome/pentest/.Xclient-cookie
/tmp/.Xauthority
--bind
/tmp/.X11-unix/X21
/tmp/.X11-unix/X21
--ro-bind
/run/user/1000/qubesome/pentest/mimeapps.list
/home/kali/.local/share/applications/mimeapps.list
--ro-bind
/run/user/1000/qubesome/pentest/mime-handler.desktop
/home/kali/.local/share/applications/qubesome-default-handler.desktop
--ro-bind
/usr/bin/qubesome
/usr/local/bin/qubesome
--ro-bind
/run/user/1000/qubesome/pentest/qube.sock
/tmp/qube.sock
--ro-bind
/usr/share/vulkan/icd.d/radeon_icd.x86_64.json
/usr/share/vulkan/icd.d/radeon_icd.x86_64.json
--bind
/home/user/git
/data/git
--setenv
PATH
/usr/local/bin:/usr/bin:/bin
--setenv
DISPLAY
:21
--setenv
XAUTHORITY
/tmp/.Xauthority
--setenv
QUBESOME_PROFILE
pentest
--setenv
TZ
Europe/London
--setenv
Q_MTLS_CA
ca-pem
--setenv
Q_MTLS_CERT
cert-pem
--setenv
Q_MTLS_KEY
key-pem
--seccomp
3
--
/usr/bin/openvpn
--config
/etc/vpn/client.ovpn
