--overlay-src
/store/unpacked/sha256-abc/rootfs
--tmp-overlay
/
--unshare-user
--unshare-pid
--unshare-ipc
--unshare-uts
--unshare-cgroup
--uid
1000
--gid
1000
--cap-drop
ALL
--clearenv
--proc
/proc
--dev
/dev
--ro-bind
/sys
/sys
--tmpfs
/tmp
--unshare-net
--hostname
chrome-work
--chdir
/home/chrome
--new-session
--dev-bind
/dev/dri
/dev/dri
--ro-bind
/etc/localtime
/etc/localtime
--ro-bind
/usr/share/zoneinfo/Europe/London
/usr/share/zoneinfo/Europe/London
--bind
/run/user/1000/qubesome/work/shm/chrome
/dev/shm
--bind
/run/user/1000/qubesome/work/user
/run/user/1000
--ro-bind
/run/user/1000/qubesome/work/machine-id
/etc/machine-id
--ro-bind
/run/user/1000/qubesome/work/.Xclient-cookie
/tmp/.Xauthority
--bind
/tmp/.X11-unix/X21
/tmp/.X11-unix/X21
--ro-bind
/usr/bin/qubesome
/usr/local/bin/qubesome
--bind
/run/user/1000/qubesome/work/agent/chrome
/run/qubesome
--setenv
PATH
/usr/local/bin:/usr/bin:/bin
--setenv
DISPLAY
:21
--setenv
XAUTHORITY
/tmp/.Xauthority
--setenv
QUBESOME_PROFILE
work
--setenv
TZ
Europe/London
--seccomp
3
--
/usr/local/bin/qubesome
supervise
/opt/google/chrome/chrome
--user-data-dir=/home/chrome/data
