--unshare-user
--uid
0
--gid
0
--ro-bind
/usr
/usr
--ro-bind-try
/bin
/bin
--ro-bind-try
/sbin
/sbin
--ro-bind-try
/lib
/lib
--ro-bind-try
/lib64
/lib64
--ro-bind-try
/etc/mke2fs.conf
/etc/mke2fs.conf
--bind
/run/user/1000/qubesome/vm/dev-personal/rootfs.ext4
/run/user/1000/qubesome/vm/dev-personal/rootfs.ext4
--overlay-src
/home/coder/.qubesome/images/unpacked/sha256-abc/rootfs
--tmp-overlay
/mnt
--ro-bind
/usr/local/bin/qubesome
/mnt/sbin/qubesome-init
--ro-bind
/run/user/1000/qubesome/vm/dev-personal/init.json
/mnt/etc/qubesome/init.json
--
/usr/sbin/mkfs.ext4
-q
-F
-m
0
-O
^has_journal
-E
lazy_itable_init=1,lazy_journal_init=1
-d
/mnt
/run/user/1000/qubesome/vm/dev-personal/rootfs.ext4
4096M
