--overlay-src
/store/unpacked/sha256-abc/rootfs
--tmp-overlay
/
--unshare-user
--unshare-pid
--unshare-ipc
--unshare-uts
--unshare-cgroup
--uid
1000
--gid
1000
--cap-drop
ALL
--die-with-parent
--clearenv
--proc
/proc
--dev
/dev
--ro-bind
/sys
/sys
--tmpfs
/tmp
--tmpfs
/run
--unshare-net
--new-session
--
/bin/sh
