--overlay-src
/store/unpacked/sha256-abc/rootfs
--tmp-overlay
/
--unshare-user
--unshare-pid
--unshare-ipc
--unshare-uts
--unshare-cgroup
--uid
1000
--gid
1000
--cap-drop
ALL
--die-with-parent
--clearenv
--proc
/proc
--dev
/dev
--tmpfs
/tmp
--tmpfs
/run
--unshare-net
--hostname
qubesome-work
--chdir
/home/xorg-user
--new-session
--dev-bind
/dev/dri/renderD128
/dev/dri/renderD128
--dev-bind
/dev/dri/card0
/dev/dri/card0
--ro-bind
/etc/localtime
/etc/localtime
--bind
/tmp/.X11-unix
/tmp/.X11-unix
--ro-bind
/run/user/1000/qubesome/work/qube.sock
/tmp/qube.sock
--bind
/home/levi/git
/data/git
--setenv
PATH
/usr/local/bin:/usr/bin:/bin
--setenv
DISPLAY
:21
--seccomp
7
--
/usr/local/bin/qubesome
profile-display
